// Vitest Snapshot v1, https://vitest.dev/guide/snapshot.html

exports[`ColorIndicator component > Render without crash 1`] = `
<div>
  <svg
    fill="none"
    height="26"
    viewBox="0 0 22 26"
    width="22"
    xmlns="http://www.w3.org/2000/svg"
  >
    <g>
      <path
        d="M0 6.5L11 0L22 6.5V19.5L11 26L0 19.5V6.5Z"
        fill="#808080"
        fill-opacity="1"
      />
      <path
        d="M0.25 19.3573V6.64266L11 0.290385L21.75 6.64266V19.3573L11 25.7096L0.25 19.3573Z"
      />
    </g>
  </svg>
</div>
`;
